     1                                  ; category: additions / subtractions | problem set: a,b,c,d byte | problem: 22
     2                                  
     3                                  bits 32
     4                                  
     5                                  global start
     6                                  
     7                                  extern exit
     8                                  import exit msvcrt.dll
     9                                  
    10                                  segment data use32 class=data
    11                                  
    12                                  segment code use32 class=code
    13                                      start:
    14                                          
    15                                          ;(a+b+b)-(c+d)
    16 00000000 B005                            mov AL, 5 ; AL =a
    17 00000002 B302                            mov BL, 2 ; BL = b
    18 00000004 B104                            mov CL, 4 ; CL = c
    19 00000006 B201                            mov DL, 1 ; DL = d
    20                                          
    21                                          ; AL = a+b+b
    22 00000008 00D8                            add AL,BL
    23 0000000A 00D8                            add AL,BL
    24                                          
    25                                          ; CL = c+d
    26 0000000C 00D1                            add CL,DL
    27                                          
    28                                          ; AL = AL-CL = (a+b+b)-(c+d)
    29 0000000E 28C8                            sub AL, CL
    30                                          
    31                                          ;result is in AL
    32                                          
    33 00000010 6A00                            push    dword 0
    34 00000012 FF15[00000000]                  call    [exit]
