     1                                  ; category: additions / subtractions | problem set: a,b,c,d-byte, e,f,g,h-word | problem: 7
     2                                  bits 32
     3                                  
     4                                  global start
     5                                  
     6                                  extern exit
     7                                  import exit msvcrt.dll
     8                                  
     9                                  segment data use32 class=data
    10 00000000 01                          a db 1
    11 00000001 02                          b db 2
    12 00000002 03                          c db 3
    13 00000003 04                          d db 4
    14                                  
    15                                  segment code use32 class=code
    16                                      start:
    17                                          
    18                                          ;(a+b)*(c+d)
    19                                          
    20                                          ; BL = a+b
    21 00000000 8A1D[00000000]                  mov BL, [a]
    22 00000006 021D[01000000]                  add BL, [b]
    23                                          
    24                                          ; CL = c+d
    25 0000000C 8A0D[02000000]                  mov CL, [c]
    26 00000012 020D[03000000]                  add CL, [d]
    27                                          
    28                                          ; AX = BL * CL
    29 00000018 66B80000                        mov AX, 0 
    30 0000001C 88D8                            mov AL, BL
    31 0000001E F6E1                            mul CL
    32                                          
    33 00000020 6A00                            push    dword 0
    34 00000022 FF15[00000000]                  call    [exit]
